{
  "workflowRunCount" : 2,
  "studies" : [ "Ovarian Brain Colon Exome Seq" ],
  "sequencerRuns" : [ "111212_h1080_0086_AC045BACXX", "120106_h804_0076_AD0LFWACXX" ],
  "lanes" : [ "111212_h1080_0086_AC045BACXX_lane_5", "120106_h804_0076_AD0LFWACXX_lane_5" ],
  "samples" : [ "OBC_0001_nn_R_PE_388_EX" ],
  "workflows" : [ "CASAVA" ],
  "processingAlgorithms" : [ "BCLToFastq" ],
  "fileMetaTypes" : [ "chemical/seq-na-fastq-gzip" ],
  "maxInputFiles" : 2,
  "minInputFiles" : 2,
  "totalInputFiles" : 4,
  "maxOutputFileProvenanceRecords" : 1,
  "minOutputFileProvenanceRecords" : 1,
  "totalOutputFileProvenanceRecords" : 2,
  "workflowRuns" : [ {
    "workflowIni" : {
      "barcode" : "GATCAG",
      "bundled_jre" : "jre1.8.0_45",
      "bundled_seqware" : "seqware-distribution-2.0.2-full.jar",
      "bwa" : "bwa.kit-0.7.12/bwa",
      "bwa_mark_secondary_alignments" : "true",
      "bwa_mem_mb" : "16384",
      "bwa_ont_mode" : "false",
      "bwa_other_params" : "",
      "bwa_pacbio_mode" : "false",
      "bwa_threads" : "8",
      "cutadapt" : "/oicr/local/analysis/sw/cutadapt/1.8.3/bin/cutadapt",
      "cutadapt_additional_params" : "",
      "cutadapt_log_mem_mb" : "2055",
      "cutadapt_r1_log_other_params" : "",
      "cutadapt_r1_other_params" : "",
      "cutadapt_r2_log_other_params" : "",
      "cutadapt_r2_other_params" : "",
      "data_dir" : "data",
      "do_trim" : "true",
      "group_id" : "",
      "input_file_1" : "/oicr/data/archive/seqware/seqware_analysis/sqwprod/results/seqware-0.10.0_IlluminaBaseCalling-1.8.2/68350542/Unaligned_111212_h1080_0086_AC045BACXX_5/Project_na/Sample_SWID_24607_OBC_0001_nn_R_PE_388_EX_111212_h1080_0086_AC045BACXX/SWID_24607_OBC_0001_nn_R_PE_388_EX_111212_h1080_0086_AC045BACXX_GATCAG_L005_R1_001.fastq.gz",
      "input_file_2" : "/oicr/data/archive/seqware/seqware_analysis/sqwprod/results/seqware-0.10.0_IlluminaBaseCalling-1.8.2/68350542/Unaligned_111212_h1080_0086_AC045BACXX_5/Project_na/Sample_SWID_24607_OBC_0001_nn_R_PE_388_EX_111212_h1080_0086_AC045BACXX/SWID_24607_OBC_0001_nn_R_PE_388_EX_111212_h1080_0086_AC045BACXX_GATCAG_L005_R2_001.fastq.gz",
      "input_reference" : "${workflow_bundle_dir}/Workflow_Bundle_BwaMem/1.1.1/data/reference/bwa-0.7.9/hg19_random.fa",
      "ius_accession" : "5889192",
      "lane" : "5",
      "manual_output" : "false",
      "metadata" : "metadata",
      "module" : "module load cutadapt/1.8.3",
      "output_dir" : "seqware-results",
      "output_file_name" : "",
      "output_format" : "BAM",
      "python" : "/oicr/local/sw/Python-2.7.2/bin/python2.7",
      "r1_adapter_trim" : "AGATCGGAAGAGCACACGTCTGAACTCCAGTCAC",
      "r2_adapter_trim" : "AGATCGGAAGAGCGTCGTGTAGGGAAAGAGTGT",
      "rg_library" : "OBC_0001_nn_R_PE_388_EX",
      "rg_platform" : "ILLUMINA",
      "rg_platform_unit" : "111212_h1080_0086_AC045BACXX-GATCAG_5",
      "rg_sample_name" : "OBC_0001_nn_R",
      "samtools" : "bwa.kit-0.7.12/samtools",
      "samtools_index_mem_mb" : "3072",
      "sequencer_run_name" : "111212_h1080_0086_AC045BACXX",
      "tmp_dir" : "tmp",
      "trim_mem_mb" : "16384",
      "trim_min_length" : "0",
      "trim_min_quality" : "0"
    },
    "files" : [ {
      "studyTitle" : [ "Ovarian Brain Colon Exome Seq" ],
      "studyAttributes" : {
        "geo_lab_group_id" : [ [ "121" ] ]
      },
      "experimentName" : [ ],
      "experimentAttributes" : { },
      "sampleName" : [ "OBC_0001_nn_R_PE_388_EX" ],
      "sampleAttributes" : {
        "geo_external_name" : [ [ "2161/2028" ] ],
        "geo_library_source_template_type" : [ [ "EX" ] ],
        "geo_nanodrop_concentration" : [ [ "259.1" ] ],
        "geo_organism" : [ [ "Homo sapiens" ] ],
        "geo_prep_kit" : [ [ "GA_multiplex" ] ],
        "geo_purpose" : [ [ "Library", "Stock" ] ],
        "geo_qubit_concentration" : [ [ "93.2" ] ],
        "geo_reaction_id" : [ [ "5589", "5781" ] ],
        "geo_receive_date" : [ [ "2011-11-08" ] ],
        "geo_run_id_and_position_and_slot" : [ [ "866_5_1", "889_5_1" ] ],
        "geo_str_result" : [ [ "Pass" ] ],
        "geo_targeted_resequencing" : [ [ "Agilent SureSelect ICGC/Sanger Exon" ] ],
        "geo_template_id" : [ [ "14996", "15005", "15016", "15702", "15703" ] ],
        "geo_template_type" : [ [ "Identity", "Illumina PE Library", "Illumina PE Library Seq", "gDNA" ] ],
        "geo_tissue_origin" : [ [ "nn" ] ],
        "geo_tissue_type" : [ [ "R" ] ]
      },
      "sequencerRunName" : [ "111212_h1080_0086_AC045BACXX" ],
      "sequencerRunAttributes" : {
        "geo_instrument_run_id" : [ [ "866" ] ]
      },
      "laneName" : [ "111212_h1080_0086_AC045BACXX_lane_5" ],
      "laneAttributes" : {
        "geo_lane" : [ [ "5" ] ]
      },
      "iusTag" : [ "GATCAG" ],
      "iusAttributes" : { },
      "workflowName" : [ "CASAVA" ],
      "processingAlgorithm" : [ "BCLToFastq" ],
      "processingAttributes" : { },
      "fileMetaType" : [ "chemical/seq-na-fastq-gzip" ],
      "fileAttributes" : { },
      "fileId" : 319132695
    }, {
      "studyTitle" : [ "Ovarian Brain Colon Exome Seq" ],
      "studyAttributes" : {
        "geo_lab_group_id" : [ [ "121" ] ]
      },
      "experimentName" : [ ],
      "experimentAttributes" : { },
      "sampleName" : [ "OBC_0001_nn_R_PE_388_EX" ],
      "sampleAttributes" : {
        "geo_external_name" : [ [ "2161/2028" ] ],
        "geo_library_source_template_type" : [ [ "EX" ] ],
        "geo_nanodrop_concentration" : [ [ "259.1" ] ],
        "geo_organism" : [ [ "Homo sapiens" ] ],
        "geo_prep_kit" : [ [ "GA_multiplex" ] ],
        "geo_purpose" : [ [ "Library", "Stock" ] ],
        "geo_qubit_concentration" : [ [ "93.2" ] ],
        "geo_reaction_id" : [ [ "5589", "5781" ] ],
        "geo_receive_date" : [ [ "2011-11-08" ] ],
        "geo_run_id_and_position_and_slot" : [ [ "866_5_1", "889_5_1" ] ],
        "geo_str_result" : [ [ "Pass" ] ],
        "geo_targeted_resequencing" : [ [ "Agilent SureSelect ICGC/Sanger Exon" ] ],
        "geo_template_id" : [ [ "14996", "15005", "15016", "15702", "15703" ] ],
        "geo_template_type" : [ [ "Identity", "Illumina PE Library", "Illumina PE Library Seq", "gDNA" ] ],
        "geo_tissue_origin" : [ [ "nn" ] ],
        "geo_tissue_type" : [ [ "R" ] ]
      },
      "sequencerRunName" : [ "111212_h1080_0086_AC045BACXX" ],
      "sequencerRunAttributes" : {
        "geo_instrument_run_id" : [ [ "866" ] ]
      },
      "laneName" : [ "111212_h1080_0086_AC045BACXX_lane_5" ],
      "laneAttributes" : {
        "geo_lane" : [ [ "5" ] ]
      },
      "iusTag" : [ "GATCAG" ],
      "iusAttributes" : { },
      "workflowName" : [ "CASAVA" ],
      "processingAlgorithm" : [ "BCLToFastq" ],
      "processingAttributes" : { },
      "fileMetaType" : [ "chemical/seq-na-fastq-gzip" ],
      "fileAttributes" : { },
      "fileId" : 824691320
    } ],
    "outputFileProvenanceRecords" : 1
  }, {
    "workflowIni" : {
      "barcode" : "GATCAG",
      "bundled_jre" : "jre1.8.0_45",
      "bundled_seqware" : "seqware-distribution-2.0.2-full.jar",
      "bwa" : "bwa.kit-0.7.12/bwa",
      "bwa_mark_secondary_alignments" : "true",
      "bwa_mem_mb" : "16384",
      "bwa_ont_mode" : "false",
      "bwa_other_params" : "",
      "bwa_pacbio_mode" : "false",
      "bwa_threads" : "8",
      "cutadapt" : "/oicr/local/analysis/sw/cutadapt/1.8.3/bin/cutadapt",
      "cutadapt_additional_params" : "",
      "cutadapt_log_mem_mb" : "2055",
      "cutadapt_r1_log_other_params" : "",
      "cutadapt_r1_other_params" : "",
      "cutadapt_r2_log_other_params" : "",
      "cutadapt_r2_other_params" : "",
      "data_dir" : "data",
      "do_trim" : "true",
      "group_id" : "",
      "input_file_1" : "/oicr/data/archive/seqware/seqware_analysis/sqwprod/results/seqware-0.10.0_IlluminaBaseCalling-1.8.2/6003636/Unaligned_120106_h804_0076_AD0LFWACXX_5/Project_na/Sample_SWID_36260_OBC_0001_nn_R_PE_388_EX_120106_h804_0076_AD0LFWACXX/SWID_36260_OBC_0001_nn_R_PE_388_EX_120106_h804_0076_AD0LFWACXX_GATCAG_L005_R1_001.fastq.gz",
      "input_file_2" : "/oicr/data/archive/seqware/seqware_analysis/sqwprod/results/seqware-0.10.0_IlluminaBaseCalling-1.8.2/6003636/Unaligned_120106_h804_0076_AD0LFWACXX_5/Project_na/Sample_SWID_36260_OBC_0001_nn_R_PE_388_EX_120106_h804_0076_AD0LFWACXX/SWID_36260_OBC_0001_nn_R_PE_388_EX_120106_h804_0076_AD0LFWACXX_GATCAG_L005_R2_001.fastq.gz",
      "input_reference" : "${workflow_bundle_dir}/Workflow_Bundle_BwaMem/1.1.1/data/reference/bwa-0.7.9/hg19_random.fa",
      "ius_accession" : "5888932",
      "lane" : "5",
      "manual_output" : "false",
      "metadata" : "metadata",
      "module" : "module load cutadapt/1.8.3",
      "output_dir" : "seqware-results",
      "output_file_name" : "",
      "output_format" : "BAM",
      "python" : "/oicr/local/sw/Python-2.7.2/bin/python2.7",
      "r1_adapter_trim" : "AGATCGGAAGAGCACACGTCTGAACTCCAGTCAC",
      "r2_adapter_trim" : "AGATCGGAAGAGCGTCGTGTAGGGAAAGAGTGT",
      "rg_library" : "OBC_0001_nn_R_PE_388_EX",
      "rg_platform" : "ILLUMINA",
      "rg_platform_unit" : "120106_h804_0076_AD0LFWACXX-GATCAG_5",
      "rg_sample_name" : "OBC_0001_nn_R",
      "samtools" : "bwa.kit-0.7.12/samtools",
      "samtools_index_mem_mb" : "3072",
      "sequencer_run_name" : "120106_h804_0076_AD0LFWACXX",
      "tmp_dir" : "tmp",
      "trim_mem_mb" : "16384",
      "trim_min_length" : "0",
      "trim_min_quality" : "0"
    },
    "files" : [ {
      "studyTitle" : [ "Ovarian Brain Colon Exome Seq" ],
      "studyAttributes" : {
        "geo_lab_group_id" : [ [ "121" ] ]
      },
      "experimentName" : [ ],
      "experimentAttributes" : { },
      "sampleName" : [ "OBC_0001_nn_R_PE_388_EX" ],
      "sampleAttributes" : {
        "geo_external_name" : [ [ "2161/2028" ] ],
        "geo_library_source_template_type" : [ [ "EX" ] ],
        "geo_nanodrop_concentration" : [ [ "259.1" ] ],
        "geo_organism" : [ [ "Homo sapiens" ] ],
        "geo_prep_kit" : [ [ "GA_multiplex" ] ],
        "geo_purpose" : [ [ "Library", "Stock" ] ],
        "geo_qubit_concentration" : [ [ "93.2" ] ],
        "geo_reaction_id" : [ [ "5589", "5781" ] ],
        "geo_receive_date" : [ [ "2011-11-08" ] ],
        "geo_run_id_and_position_and_slot" : [ [ "866_5_1", "889_5_1" ] ],
        "geo_str_result" : [ [ "Pass" ] ],
        "geo_targeted_resequencing" : [ [ "Agilent SureSelect ICGC/Sanger Exon" ] ],
        "geo_template_id" : [ [ "14996", "15005", "15016", "15702", "15703" ] ],
        "geo_template_type" : [ [ "Identity", "Illumina PE Library", "Illumina PE Library Seq", "gDNA" ] ],
        "geo_tissue_origin" : [ [ "nn" ] ],
        "geo_tissue_type" : [ [ "R" ] ]
      },
      "sequencerRunName" : [ "120106_h804_0076_AD0LFWACXX" ],
      "sequencerRunAttributes" : {
        "geo_instrument_run_id" : [ [ "889" ] ]
      },
      "laneName" : [ "120106_h804_0076_AD0LFWACXX_lane_5" ],
      "laneAttributes" : {
        "geo_lane" : [ [ "5" ] ]
      },
      "iusTag" : [ "GATCAG" ],
      "iusAttributes" : { },
      "workflowName" : [ "CASAVA" ],
      "processingAlgorithm" : [ "BCLToFastq" ],
      "processingAttributes" : { },
      "fileMetaType" : [ "chemical/seq-na-fastq-gzip" ],
      "fileAttributes" : { },
      "fileId" : -1080776008
    }, {
      "studyTitle" : [ "Ovarian Brain Colon Exome Seq" ],
      "studyAttributes" : {
        "geo_lab_group_id" : [ [ "121" ] ]
      },
      "experimentName" : [ ],
      "experimentAttributes" : { },
      "sampleName" : [ "OBC_0001_nn_R_PE_388_EX" ],
      "sampleAttributes" : {
        "geo_external_name" : [ [ "2161/2028" ] ],
        "geo_library_source_template_type" : [ [ "EX" ] ],
        "geo_nanodrop_concentration" : [ [ "259.1" ] ],
        "geo_organism" : [ [ "Homo sapiens" ] ],
        "geo_prep_kit" : [ [ "GA_multiplex" ] ],
        "geo_purpose" : [ [ "Library", "Stock" ] ],
        "geo_qubit_concentration" : [ [ "93.2" ] ],
        "geo_reaction_id" : [ [ "5589", "5781" ] ],
        "geo_receive_date" : [ [ "2011-11-08" ] ],
        "geo_run_id_and_position_and_slot" : [ [ "866_5_1", "889_5_1" ] ],
        "geo_str_result" : [ [ "Pass" ] ],
        "geo_targeted_resequencing" : [ [ "Agilent SureSelect ICGC/Sanger Exon" ] ],
        "geo_template_id" : [ [ "14996", "15005", "15016", "15702", "15703" ] ],
        "geo_template_type" : [ [ "Identity", "Illumina PE Library", "Illumina PE Library Seq", "gDNA" ] ],
        "geo_tissue_origin" : [ [ "nn" ] ],
        "geo_tissue_type" : [ [ "R" ] ]
      },
      "sequencerRunName" : [ "120106_h804_0076_AD0LFWACXX" ],
      "sequencerRunAttributes" : {
        "geo_instrument_run_id" : [ [ "889" ] ]
      },
      "laneName" : [ "120106_h804_0076_AD0LFWACXX_lane_5" ],
      "laneAttributes" : {
        "geo_lane" : [ [ "5" ] ]
      },
      "iusTag" : [ "GATCAG" ],
      "iusAttributes" : { },
      "workflowName" : [ "CASAVA" ],
      "processingAlgorithm" : [ "BCLToFastq" ],
      "processingAttributes" : { },
      "fileMetaType" : [ "chemical/seq-na-fastq-gzip" ],
      "fileAttributes" : { },
      "fileId" : -1586334633
    } ],
    "outputFileProvenanceRecords" : 1
  } ]
}
