{
  "workflowRunCount" : 7,
  "studies" : [ "CPC-GENE" ],
  "sequencerRuns" : [ "141203_SN804_0218_AC5PCLACXX" ],
  "lanes" : [ "141203_SN804_0218_AC5PCLACXX_lane_2", "141203_SN804_0218_AC5PCLACXX_lane_3", "141203_SN804_0218_AC5PCLACXX_lane_4", "141203_SN804_0218_AC5PCLACXX_lane_5", "141203_SN804_0218_AC5PCLACXX_lane_6", "141203_SN804_0218_AC5PCLACXX_lane_7", "141203_SN804_0218_AC5PCLACXX_lane_8" ],
  "samples" : [ "CPCG_0474_Pr_P_PE_603_WG", "CPCG_0474_Pr_P_PE_626_WG", "CPCG_0474_Pr_P_PE_657_WG", "CPCG_0482_Pr_P_PE_632_WG", "CPCG_0482_Pr_P_PE_665_WG", "CPCG_0482_Pr_P_PE_714_WG", "CPCG_0483_Pr_P_PE_670_WG" ],
  "workflows" : [ "CASAVA" ],
  "processingAlgorithms" : [ "ProvisionFiles" ],
  "fileMetaTypes" : [ "chemical/seq-na-fastq-gzip" ],
  "maxInputFiles" : 2,
  "minInputFiles" : 2,
  "totalInputFiles" : 14,
  "maxOutputFileProvenanceRecords" : 1,
  "minOutputFileProvenanceRecords" : 1,
  "totalOutputFileProvenanceRecords" : 7,
  "workflowRuns" : [ {
    "workflowIni" : {
      "barcode" : "NoIndex",
      "bundled_jre" : "${workflow_bundle_dir}/Workflow_Bundle_bwa/1.4/bin/jre1.8.0_45/bin/java",
      "bundled_seqware" : "seqware-distribution-2.0.5-full.jar",
      "bwa" : "${workflow_bundle_dir}/Workflow_Bundle_bwa/1.4/bin/bwa-0.6.2/bwa",
      "bwa_aln_mem_mb" : "16384",
      "bwa_sampe_mem_mb" : "16000",
      "cutadapt" : "/oicr/local/analysis/sw/cutadapt/cutadapt-1.3/bin/cutadapt",
      "cutadapt_r1_other_params" : "",
      "cutadapt_r2_other_params" : "",
      "do_trim" : "false",
      "group_id" : "",
      "input_file_1" : "/oicr/data/archive/seqware/seqware_analysis_8/hsqwprod/results/CASAVA_2.6/54299697/SWID_1321454_CPCG_0474_Pr_P_PE_603_WG_NoGroup_141203_SN804_0218_AC5PCLACXX_NoIndex_L003_R1_001.fastq.gz",
      "input_file_2" : "/oicr/data/archive/seqware/seqware_analysis_8/hsqwprod/results/CASAVA_2.6/54299697/SWID_1321454_CPCG_0474_Pr_P_PE_603_WG_NoGroup_141203_SN804_0218_AC5PCLACXX_NoIndex_L003_R2_001.fastq.gz",
      "input_reference" : "${workflow_bundle_dir}/Workflow_Bundle_bwa/1.4/data/reference/bwa-0.6.2/hg19_random.fa",
      "ius_accession" : "6142190",
      "lane" : "3",
      "manual_output" : "false",
      "metadata" : "metadata",
      "numOfThreads" : "8",
      "outputFileName" : "",
      "output_dir" : "seqware-results",
      "picard_addreadgroups" : "${workflow_bundle_dir}/Workflow_Bundle_bwa/1.4/bin/picard-tools-1.89/AddOrReplaceReadGroups.jar",
      "python" : "/oicr/local/sw/Python-2.7.2/bin/python2.7",
      "r1_adapter_trim" : "AGATCGGAAGAGCACACGTCTGAACTCCAGTCAC",
      "r2_adapter_trim" : "AGATCGGAAGAGCGTCGTGTAGGGAAAGAGTGT",
      "rg_library" : "CPCG_0474_Pr_P_PE_603_WG",
      "rg_platform" : "illumina",
      "rg_platform_unit" : "141203_SN804_0218_AC5PCLACXX-NoIndex_3",
      "rg_sample_name" : "CPCG_0474_Pr_P",
      "sequencer_run_name" : "141203_SN804_0218_AC5PCLACXX",
      "trim_mem_mb" : "16384",
      "trim_min_length" : "0",
      "trim_min_quality" : "0"
    },
    "files" : [ {
      "studyTitle" : [ "CPC-GENE" ],
      "studyAttributes" : {
        "geo_lab_group_id" : [ [ "112" ] ]
      },
      "experimentName" : [ ],
      "experimentAttributes" : { },
      "sampleName" : [ "CPCG_0474_Pr_P_PE_603_WG" ],
      "sampleAttributes" : {
        "geo_external_name" : [ [ "CPCG-0474" ] ],
        "geo_library_source_template_type" : [ [ "WG" ] ],
        "geo_organism" : [ [ "Homo sapiens" ] ],
        "geo_prep_kit" : [ [ "KAPA OnBead " ] ],
        "geo_purpose" : [ [ "Library", "Stock" ] ],
        "geo_receive_date" : [ [ "2014-11-13" ] ],
        "geo_run_id_and_position_and_slot" : [ [ "2202_3_1", "2203_2_2" ] ],
        "geo_str_result" : [ [ "Pass" ] ],
        "geo_template_id" : [ [ "69232", "69238", "69250", "69319", "69322" ] ],
        "geo_template_type" : [ [ "Identity", "Illumina PE Library", "Illumina PE Library Seq", "gDNA" ] ],
        "geo_tissue_origin" : [ [ "Pr" ] ],
        "geo_tissue_preparation" : [ [ "Fresh Frozen" ] ],
        "geo_tissue_type" : [ [ "P" ] ]
      },
      "sequencerRunName" : [ "141203_SN804_0218_AC5PCLACXX" ],
      "sequencerRunAttributes" : {
        "geo_instrument_run_id" : [ [ "2202" ] ]
      },
      "laneName" : [ "141203_SN804_0218_AC5PCLACXX_lane_3" ],
      "laneAttributes" : {
        "geo_lane" : [ [ "3" ] ]
      },
      "iusTag" : [ "NoIndex" ],
      "iusAttributes" : { },
      "workflowName" : [ "CASAVA" ],
      "processingAlgorithm" : [ "ProvisionFiles" ],
      "processingAttributes" : { },
      "fileMetaType" : [ "chemical/seq-na-fastq-gzip" ],
      "fileAttributes" : { },
      "fileId" : 1378759967
    }, {
      "studyTitle" : [ "CPC-GENE" ],
      "studyAttributes" : {
        "geo_lab_group_id" : [ [ "112" ] ]
      },
      "experimentName" : [ ],
      "experimentAttributes" : { },
      "sampleName" : [ "CPCG_0474_Pr_P_PE_603_WG" ],
      "sampleAttributes" : {
        "geo_external_name" : [ [ "CPCG-0474" ] ],
        "geo_library_source_template_type" : [ [ "WG" ] ],
        "geo_organism" : [ [ "Homo sapiens" ] ],
        "geo_prep_kit" : [ [ "KAPA OnBead " ] ],
        "geo_purpose" : [ [ "Library", "Stock" ] ],
        "geo_receive_date" : [ [ "2014-11-13" ] ],
        "geo_run_id_and_position_and_slot" : [ [ "2202_3_1", "2203_2_2" ] ],
        "geo_str_result" : [ [ "Pass" ] ],
        "geo_template_id" : [ [ "69232", "69238", "69250", "69319", "69322" ] ],
        "geo_template_type" : [ [ "Identity", "Illumina PE Library", "Illumina PE Library Seq", "gDNA" ] ],
        "geo_tissue_origin" : [ [ "Pr" ] ],
        "geo_tissue_preparation" : [ [ "Fresh Frozen" ] ],
        "geo_tissue_type" : [ [ "P" ] ]
      },
      "sequencerRunName" : [ "141203_SN804_0218_AC5PCLACXX" ],
      "sequencerRunAttributes" : {
        "geo_instrument_run_id" : [ [ "2202" ] ]
      },
      "laneName" : [ "141203_SN804_0218_AC5PCLACXX_lane_3" ],
      "laneAttributes" : {
        "geo_lane" : [ [ "3" ] ]
      },
      "iusTag" : [ "NoIndex" ],
      "iusAttributes" : { },
      "workflowName" : [ "CASAVA" ],
      "processingAlgorithm" : [ "ProvisionFiles" ],
      "processingAttributes" : { },
      "fileMetaType" : [ "chemical/seq-na-fastq-gzip" ],
      "fileAttributes" : { },
      "fileId" : 873201342
    } ],
    "outputFileProvenanceRecords" : 1
  }, {
    "workflowIni" : {
      "barcode" : "NoIndex",
      "bundled_jre" : "${workflow_bundle_dir}/Workflow_Bundle_bwa/1.4/bin/jre1.8.0_45/bin/java",
      "bundled_seqware" : "seqware-distribution-2.0.5-full.jar",
      "bwa" : "${workflow_bundle_dir}/Workflow_Bundle_bwa/1.4/bin/bwa-0.6.2/bwa",
      "bwa_aln_mem_mb" : "16384",
      "bwa_sampe_mem_mb" : "16000",
      "cutadapt" : "/oicr/local/analysis/sw/cutadapt/cutadapt-1.3/bin/cutadapt",
      "cutadapt_r1_other_params" : "",
      "cutadapt_r2_other_params" : "",
      "do_trim" : "false",
      "group_id" : "",
      "input_file_1" : "/oicr/data/archive/seqware/seqware_analysis_8/hsqwprod/results/CASAVA_2.6/54299697/SWID_1321456_CPCG_0474_Pr_P_PE_626_WG_NoGroup_141203_SN804_0218_AC5PCLACXX_NoIndex_L002_R1_001.fastq.gz",
      "input_file_2" : "/oicr/data/archive/seqware/seqware_analysis_8/hsqwprod/results/CASAVA_2.6/54299697/SWID_1321456_CPCG_0474_Pr_P_PE_626_WG_NoGroup_141203_SN804_0218_AC5PCLACXX_NoIndex_L002_R2_001.fastq.gz",
      "input_reference" : "${workflow_bundle_dir}/Workflow_Bundle_bwa/1.4/data/reference/bwa-0.6.2/hg19_random.fa",
      "ius_accession" : "6142176",
      "lane" : "2",
      "manual_output" : "false",
      "metadata" : "metadata",
      "numOfThreads" : "8",
      "outputFileName" : "",
      "output_dir" : "seqware-results",
      "picard_addreadgroups" : "${workflow_bundle_dir}/Workflow_Bundle_bwa/1.4/bin/picard-tools-1.89/AddOrReplaceReadGroups.jar",
      "python" : "/oicr/local/sw/Python-2.7.2/bin/python2.7",
      "r1_adapter_trim" : "AGATCGGAAGAGCACACGTCTGAACTCCAGTCAC",
      "r2_adapter_trim" : "AGATCGGAAGAGCGTCGTGTAGGGAAAGAGTGT",
      "rg_library" : "CPCG_0474_Pr_P_PE_626_WG",
      "rg_platform" : "illumina",
      "rg_platform_unit" : "141203_SN804_0218_AC5PCLACXX-NoIndex_2",
      "rg_sample_name" : "CPCG_0474_Pr_P",
      "sequencer_run_name" : "141203_SN804_0218_AC5PCLACXX",
      "trim_mem_mb" : "16384",
      "trim_min_length" : "0",
      "trim_min_quality" : "0"
    },
    "files" : [ {
      "studyTitle" : [ "CPC-GENE" ],
      "studyAttributes" : {
        "geo_lab_group_id" : [ [ "112" ] ]
      },
      "experimentName" : [ ],
      "experimentAttributes" : { },
      "sampleName" : [ "CPCG_0474_Pr_P_PE_626_WG" ],
      "sampleAttributes" : {
        "geo_external_name" : [ [ "CPCG-0474" ] ],
        "geo_library_source_template_type" : [ [ "WG" ] ],
        "geo_organism" : [ [ "Homo sapiens" ] ],
        "geo_prep_kit" : [ [ "KAPA OnBead " ] ],
        "geo_purpose" : [ [ "Library", "Stock" ] ],
        "geo_receive_date" : [ [ "2014-11-13" ] ],
        "geo_run_id_and_position_and_slot" : [ [ "2202_2_1", "2203_1_2" ] ],
        "geo_str_result" : [ [ "Pass" ] ],
        "geo_template_id" : [ [ "69232", "69238", "69250", "69318", "69321" ] ],
        "geo_template_type" : [ [ "Identity", "Illumina PE Library", "Illumina PE Library Seq", "gDNA" ] ],
        "geo_tissue_origin" : [ [ "Pr" ] ],
        "geo_tissue_preparation" : [ [ "Fresh Frozen" ] ],
        "geo_tissue_type" : [ [ "P" ] ]
      },
      "sequencerRunName" : [ "141203_SN804_0218_AC5PCLACXX" ],
      "sequencerRunAttributes" : {
        "geo_instrument_run_id" : [ [ "2202" ] ]
      },
      "laneName" : [ "141203_SN804_0218_AC5PCLACXX_lane_2" ],
      "laneAttributes" : {
        "geo_lane" : [ [ "2" ] ]
      },
      "iusTag" : [ "NoIndex" ],
      "iusAttributes" : { },
      "workflowName" : [ "CASAVA" ],
      "processingAlgorithm" : [ "ProvisionFiles" ],
      "processingAttributes" : { },
      "fileMetaType" : [ "chemical/seq-na-fastq-gzip" ],
      "fileAttributes" : { },
      "fileId" : 1386727386
    }, {
      "studyTitle" : [ "CPC-GENE" ],
      "studyAttributes" : {
        "geo_lab_group_id" : [ [ "112" ] ]
      },
      "experimentName" : [ ],
      "experimentAttributes" : { },
      "sampleName" : [ "CPCG_0474_Pr_P_PE_626_WG" ],
      "sampleAttributes" : {
        "geo_external_name" : [ [ "CPCG-0474" ] ],
        "geo_library_source_template_type" : [ [ "WG" ] ],
        "geo_organism" : [ [ "Homo sapiens" ] ],
        "geo_prep_kit" : [ [ "KAPA OnBead " ] ],
        "geo_purpose" : [ [ "Library", "Stock" ] ],
        "geo_receive_date" : [ [ "2014-11-13" ] ],
        "geo_run_id_and_position_and_slot" : [ [ "2202_2_1", "2203_1_2" ] ],
        "geo_str_result" : [ [ "Pass" ] ],
        "geo_template_id" : [ [ "69232", "69238", "69250", "69318", "69321" ] ],
        "geo_template_type" : [ [ "Identity", "Illumina PE Library", "Illumina PE Library Seq", "gDNA" ] ],
        "geo_tissue_origin" : [ [ "Pr" ] ],
        "geo_tissue_preparation" : [ [ "Fresh Frozen" ] ],
        "geo_tissue_type" : [ [ "P" ] ]
      },
      "sequencerRunName" : [ "141203_SN804_0218_AC5PCLACXX" ],
      "sequencerRunAttributes" : {
        "geo_instrument_run_id" : [ [ "2202" ] ]
      },
      "laneName" : [ "141203_SN804_0218_AC5PCLACXX_lane_2" ],
      "laneAttributes" : {
        "geo_lane" : [ [ "2" ] ]
      },
      "iusTag" : [ "NoIndex" ],
      "iusAttributes" : { },
      "workflowName" : [ "CASAVA" ],
      "processingAlgorithm" : [ "ProvisionFiles" ],
      "processingAttributes" : { },
      "fileMetaType" : [ "chemical/seq-na-fastq-gzip" ],
      "fileAttributes" : { },
      "fileId" : 1892286011
    } ],
    "outputFileProvenanceRecords" : 1
  }, {
    "workflowIni" : {
      "barcode" : "NoIndex",
      "bundled_jre" : "${workflow_bundle_dir}/Workflow_Bundle_bwa/1.4/bin/jre1.8.0_45/bin/java",
      "bundled_seqware" : "seqware-distribution-2.0.5-full.jar",
      "bwa" : "${workflow_bundle_dir}/Workflow_Bundle_bwa/1.4/bin/bwa-0.6.2/bwa",
      "bwa_aln_mem_mb" : "16384",
      "bwa_sampe_mem_mb" : "16000",
      "cutadapt" : "/oicr/local/analysis/sw/cutadapt/cutadapt-1.3/bin/cutadapt",
      "cutadapt_r1_other_params" : "",
      "cutadapt_r2_other_params" : "",
      "do_trim" : "false",
      "group_id" : "",
      "input_file_1" : "/oicr/data/archive/seqware/seqware_analysis_8/hsqwprod/results/CASAVA_2.6/54299697/SWID_1321452_CPCG_0474_Pr_P_PE_657_WG_NoGroup_141203_SN804_0218_AC5PCLACXX_NoIndex_L004_R1_001.fastq.gz",
      "input_file_2" : "/oicr/data/archive/seqware/seqware_analysis_8/hsqwprod/results/CASAVA_2.6/54299697/SWID_1321452_CPCG_0474_Pr_P_PE_657_WG_NoGroup_141203_SN804_0218_AC5PCLACXX_NoIndex_L004_R2_001.fastq.gz",
      "input_reference" : "${workflow_bundle_dir}/Workflow_Bundle_bwa/1.4/data/reference/bwa-0.6.2/hg19_random.fa",
      "ius_accession" : "6142186",
      "lane" : "4",
      "manual_output" : "false",
      "metadata" : "metadata",
      "numOfThreads" : "8",
      "outputFileName" : "",
      "output_dir" : "seqware-results",
      "picard_addreadgroups" : "${workflow_bundle_dir}/Workflow_Bundle_bwa/1.4/bin/picard-tools-1.89/AddOrReplaceReadGroups.jar",
      "python" : "/oicr/local/sw/Python-2.7.2/bin/python2.7",
      "r1_adapter_trim" : "AGATCGGAAGAGCACACGTCTGAACTCCAGTCAC",
      "r2_adapter_trim" : "AGATCGGAAGAGCGTCGTGTAGGGAAAGAGTGT",
      "rg_library" : "CPCG_0474_Pr_P_PE_657_WG",
      "rg_platform" : "illumina",
      "rg_platform_unit" : "141203_SN804_0218_AC5PCLACXX-NoIndex_4",
      "rg_sample_name" : "CPCG_0474_Pr_P",
      "sequencer_run_name" : "141203_SN804_0218_AC5PCLACXX",
      "trim_mem_mb" : "16384",
      "trim_min_length" : "0",
      "trim_min_quality" : "0"
    },
    "files" : [ {
      "studyTitle" : [ "CPC-GENE" ],
      "studyAttributes" : {
        "geo_lab_group_id" : [ [ "112" ] ]
      },
      "experimentName" : [ ],
      "experimentAttributes" : { },
      "sampleName" : [ "CPCG_0474_Pr_P_PE_657_WG" ],
      "sampleAttributes" : {
        "geo_external_name" : [ [ "CPCG-0474" ] ],
        "geo_library_source_template_type" : [ [ "WG" ] ],
        "geo_organism" : [ [ "Homo sapiens" ] ],
        "geo_prep_kit" : [ [ "KAPA OnBead " ] ],
        "geo_purpose" : [ [ "Library", "Stock" ] ],
        "geo_receive_date" : [ [ "2014-11-13" ] ],
        "geo_run_id_and_position_and_slot" : [ [ "2202_4_1", "2203_3_2" ] ],
        "geo_str_result" : [ [ "Pass" ] ],
        "geo_template_id" : [ [ "69232", "69238", "69250", "69320", "69323" ] ],
        "geo_template_type" : [ [ "Identity", "Illumina PE Library", "Illumina PE Library Seq", "gDNA" ] ],
        "geo_tissue_origin" : [ [ "Pr" ] ],
        "geo_tissue_preparation" : [ [ "Fresh Frozen" ] ],
        "geo_tissue_type" : [ [ "P" ] ]
      },
      "sequencerRunName" : [ "141203_SN804_0218_AC5PCLACXX" ],
      "sequencerRunAttributes" : {
        "geo_instrument_run_id" : [ [ "2202" ] ]
      },
      "laneName" : [ "141203_SN804_0218_AC5PCLACXX_lane_4" ],
      "laneAttributes" : {
        "geo_lane" : [ [ "4" ] ]
      },
      "iusTag" : [ "NoIndex" ],
      "iusAttributes" : { },
      "workflowName" : [ "CASAVA" ],
      "processingAlgorithm" : [ "ProvisionFiles" ],
      "processingAttributes" : { },
      "fileMetaType" : [ "chemical/seq-na-fastq-gzip" ],
      "fileAttributes" : { },
      "fileId" : -135858397
    }, {
      "studyTitle" : [ "CPC-GENE" ],
      "studyAttributes" : {
        "geo_lab_group_id" : [ [ "112" ] ]
      },
      "experimentName" : [ ],
      "experimentAttributes" : { },
      "sampleName" : [ "CPCG_0474_Pr_P_PE_657_WG" ],
      "sampleAttributes" : {
        "geo_external_name" : [ [ "CPCG-0474" ] ],
        "geo_library_source_template_type" : [ [ "WG" ] ],
        "geo_organism" : [ [ "Homo sapiens" ] ],
        "geo_prep_kit" : [ [ "KAPA OnBead " ] ],
        "geo_purpose" : [ [ "Library", "Stock" ] ],
        "geo_receive_date" : [ [ "2014-11-13" ] ],
        "geo_run_id_and_position_and_slot" : [ [ "2202_4_1", "2203_3_2" ] ],
        "geo_str_result" : [ [ "Pass" ] ],
        "geo_template_id" : [ [ "69232", "69238", "69250", "69320", "69323" ] ],
        "geo_template_type" : [ [ "Identity", "Illumina PE Library", "Illumina PE Library Seq", "gDNA" ] ],
        "geo_tissue_origin" : [ [ "Pr" ] ],
        "geo_tissue_preparation" : [ [ "Fresh Frozen" ] ],
        "geo_tissue_type" : [ [ "P" ] ]
      },
      "sequencerRunName" : [ "141203_SN804_0218_AC5PCLACXX" ],
      "sequencerRunAttributes" : {
        "geo_instrument_run_id" : [ [ "2202" ] ]
      },
      "laneName" : [ "141203_SN804_0218_AC5PCLACXX_lane_4" ],
      "laneAttributes" : {
        "geo_lane" : [ [ "4" ] ]
      },
      "iusTag" : [ "NoIndex" ],
      "iusAttributes" : { },
      "workflowName" : [ "CASAVA" ],
      "processingAlgorithm" : [ "ProvisionFiles" ],
      "processingAttributes" : { },
      "fileMetaType" : [ "chemical/seq-na-fastq-gzip" ],
      "fileAttributes" : { },
      "fileId" : -641417022
    } ],
    "outputFileProvenanceRecords" : 1
  }, {
    "workflowIni" : {
      "barcode" : "NoIndex",
      "bundled_jre" : "${workflow_bundle_dir}/Workflow_Bundle_bwa/1.4/bin/jre1.8.0_45/bin/java",
      "bundled_seqware" : "seqware-distribution-2.0.5-full.jar",
      "bwa" : "${workflow_bundle_dir}/Workflow_Bundle_bwa/1.4/bin/bwa-0.6.2/bwa",
      "bwa_aln_mem_mb" : "16384",
      "bwa_sampe_mem_mb" : "16000",
      "cutadapt" : "/oicr/local/analysis/sw/cutadapt/cutadapt-1.3/bin/cutadapt",
      "cutadapt_r1_other_params" : "",
      "cutadapt_r2_other_params" : "",
      "do_trim" : "false",
      "group_id" : "",
      "input_file_1" : "/oicr/data/archive/seqware/seqware_analysis_8/hsqwprod/results/CASAVA_2.6/54299697/SWID_1321446_CPCG_0482_Pr_P_PE_632_WG_NoGroup_141203_SN804_0218_AC5PCLACXX_NoIndex_L007_R1_001.fastq.gz",
      "input_file_2" : "/oicr/data/archive/seqware/seqware_analysis_8/hsqwprod/results/CASAVA_2.6/54299697/SWID_1321446_CPCG_0482_Pr_P_PE_632_WG_NoGroup_141203_SN804_0218_AC5PCLACXX_NoIndex_L007_R2_001.fastq.gz",
      "input_reference" : "${workflow_bundle_dir}/Workflow_Bundle_bwa/1.4/data/reference/bwa-0.6.2/hg19_random.fa",
      "ius_accession" : "6142206",
      "lane" : "7",
      "manual_output" : "false",
      "metadata" : "metadata",
      "numOfThreads" : "8",
      "outputFileName" : "",
      "output_dir" : "seqware-results",
      "picard_addreadgroups" : "${workflow_bundle_dir}/Workflow_Bundle_bwa/1.4/bin/picard-tools-1.89/AddOrReplaceReadGroups.jar",
      "python" : "/oicr/local/sw/Python-2.7.2/bin/python2.7",
      "r1_adapter_trim" : "AGATCGGAAGAGCACACGTCTGAACTCCAGTCAC",
      "r2_adapter_trim" : "AGATCGGAAGAGCGTCGTGTAGGGAAAGAGTGT",
      "rg_library" : "CPCG_0482_Pr_P_PE_632_WG",
      "rg_platform" : "illumina",
      "rg_platform_unit" : "141203_SN804_0218_AC5PCLACXX-NoIndex_7",
      "rg_sample_name" : "CPCG_0482_Pr_P",
      "sequencer_run_name" : "141203_SN804_0218_AC5PCLACXX",
      "trim_mem_mb" : "16384",
      "trim_min_length" : "0",
      "trim_min_quality" : "0"
    },
    "files" : [ {
      "studyTitle" : [ "CPC-GENE" ],
      "studyAttributes" : {
        "geo_lab_group_id" : [ [ "112" ] ]
      },
      "experimentName" : [ ],
      "experimentAttributes" : { },
      "sampleName" : [ "CPCG_0482_Pr_P_PE_632_WG" ],
      "sampleAttributes" : {
        "geo_external_name" : [ [ "CPCG-0482" ] ],
        "geo_library_source_template_type" : [ [ "WG" ] ],
        "geo_organism" : [ [ "Homo sapiens" ] ],
        "geo_prep_kit" : [ [ "KAPA OnBead " ] ],
        "geo_purpose" : [ [ "Library", "Stock" ] ],
        "geo_receive_date" : [ [ "2014-11-13" ] ],
        "geo_run_id_and_position_and_slot" : [ [ "2202_7_1", "2203_6_2" ] ],
        "geo_str_result" : [ [ "Pass" ] ],
        "geo_template_id" : [ [ "69233", "69239", "69251", "69326", "69329" ] ],
        "geo_template_type" : [ [ "Identity", "Illumina PE Library", "Illumina PE Library Seq", "gDNA" ] ],
        "geo_tissue_origin" : [ [ "Pr" ] ],
        "geo_tissue_preparation" : [ [ "Fresh Frozen" ] ],
        "geo_tissue_type" : [ [ "P" ] ]
      },
      "sequencerRunName" : [ "141203_SN804_0218_AC5PCLACXX" ],
      "sequencerRunAttributes" : {
        "geo_instrument_run_id" : [ [ "2202" ] ]
      },
      "laneName" : [ "141203_SN804_0218_AC5PCLACXX_lane_7" ],
      "laneAttributes" : {
        "geo_lane" : [ [ "7" ] ]
      },
      "iusTag" : [ "NoIndex" ],
      "iusAttributes" : { },
      "workflowName" : [ "CASAVA" ],
      "processingAlgorithm" : [ "ProvisionFiles" ],
      "processingAttributes" : { },
      "fileMetaType" : [ "chemical/seq-na-fastq-gzip" ],
      "fileAttributes" : { },
      "fileId" : 1242625958
    }, {
      "studyTitle" : [ "CPC-GENE" ],
      "studyAttributes" : {
        "geo_lab_group_id" : [ [ "112" ] ]
      },
      "experimentName" : [ ],
      "experimentAttributes" : { },
      "sampleName" : [ "CPCG_0482_Pr_P_PE_632_WG" ],
      "sampleAttributes" : {
        "geo_external_name" : [ [ "CPCG-0482" ] ],
        "geo_library_source_template_type" : [ [ "WG" ] ],
        "geo_organism" : [ [ "Homo sapiens" ] ],
        "geo_prep_kit" : [ [ "KAPA OnBead " ] ],
        "geo_purpose" : [ [ "Library", "Stock" ] ],
        "geo_receive_date" : [ [ "2014-11-13" ] ],
        "geo_run_id_and_position_and_slot" : [ [ "2202_7_1", "2203_6_2" ] ],
        "geo_str_result" : [ [ "Pass" ] ],
        "geo_template_id" : [ [ "69233", "69239", "69251", "69326", "69329" ] ],
        "geo_template_type" : [ [ "Identity", "Illumina PE Library", "Illumina PE Library Seq", "gDNA" ] ],
        "geo_tissue_origin" : [ [ "Pr" ] ],
        "geo_tissue_preparation" : [ [ "Fresh Frozen" ] ],
        "geo_tissue_type" : [ [ "P" ] ]
      },
      "sequencerRunName" : [ "141203_SN804_0218_AC5PCLACXX" ],
      "sequencerRunAttributes" : {
        "geo_instrument_run_id" : [ [ "2202" ] ]
      },
      "laneName" : [ "141203_SN804_0218_AC5PCLACXX_lane_7" ],
      "laneAttributes" : {
        "geo_lane" : [ [ "7" ] ]
      },
      "iusTag" : [ "NoIndex" ],
      "iusAttributes" : { },
      "workflowName" : [ "CASAVA" ],
      "processingAlgorithm" : [ "ProvisionFiles" ],
      "processingAttributes" : { },
      "fileMetaType" : [ "chemical/seq-na-fastq-gzip" ],
      "fileAttributes" : { },
      "fileId" : 1748184583
    } ],
    "outputFileProvenanceRecords" : 1
  }, {
    "workflowIni" : {
      "barcode" : "NoIndex",
      "bundled_jre" : "${workflow_bundle_dir}/Workflow_Bundle_bwa/1.4/bin/jre1.8.0_45/bin/java",
      "bundled_seqware" : "seqware-distribution-2.0.5-full.jar",
      "bwa" : "${workflow_bundle_dir}/Workflow_Bundle_bwa/1.4/bin/bwa-0.6.2/bwa",
      "bwa_aln_mem_mb" : "16384",
      "bwa_sampe_mem_mb" : "16000",
      "cutadapt" : "/oicr/local/analysis/sw/cutadapt/cutadapt-1.3/bin/cutadapt",
      "cutadapt_r1_other_params" : "",
      "cutadapt_r2_other_params" : "",
      "do_trim" : "false",
      "group_id" : "",
      "input_file_1" : "/oicr/data/archive/seqware/seqware_analysis_8/hsqwprod/results/CASAVA_2.6/54299697/SWID_1321448_CPCG_0482_Pr_P_PE_665_WG_NoGroup_141203_SN804_0218_AC5PCLACXX_NoIndex_L006_R1_001.fastq.gz",
      "input_file_2" : "/oicr/data/archive/seqware/seqware_analysis_8/hsqwprod/results/CASAVA_2.6/54299697/SWID_1321448_CPCG_0482_Pr_P_PE_665_WG_NoGroup_141203_SN804_0218_AC5PCLACXX_NoIndex_L006_R2_001.fastq.gz",
      "input_reference" : "${workflow_bundle_dir}/Workflow_Bundle_bwa/1.4/data/reference/bwa-0.6.2/hg19_random.fa",
      "ius_accession" : "6142178",
      "lane" : "6",
      "manual_output" : "false",
      "metadata" : "metadata",
      "numOfThreads" : "8",
      "outputFileName" : "",
      "output_dir" : "seqware-results",
      "picard_addreadgroups" : "${workflow_bundle_dir}/Workflow_Bundle_bwa/1.4/bin/picard-tools-1.89/AddOrReplaceReadGroups.jar",
      "python" : "/oicr/local/sw/Python-2.7.2/bin/python2.7",
      "r1_adapter_trim" : "AGATCGGAAGAGCACACGTCTGAACTCCAGTCAC",
      "r2_adapter_trim" : "AGATCGGAAGAGCGTCGTGTAGGGAAAGAGTGT",
      "rg_library" : "CPCG_0482_Pr_P_PE_665_WG",
      "rg_platform" : "illumina",
      "rg_platform_unit" : "141203_SN804_0218_AC5PCLACXX-NoIndex_6",
      "rg_sample_name" : "CPCG_0482_Pr_P",
      "sequencer_run_name" : "141203_SN804_0218_AC5PCLACXX",
      "trim_mem_mb" : "16384",
      "trim_min_length" : "0",
      "trim_min_quality" : "0"
    },
    "files" : [ {
      "studyTitle" : [ "CPC-GENE" ],
      "studyAttributes" : {
        "geo_lab_group_id" : [ [ "112" ] ]
      },
      "experimentName" : [ ],
      "experimentAttributes" : { },
      "sampleName" : [ "CPCG_0482_Pr_P_PE_665_WG" ],
      "sampleAttributes" : {
        "geo_external_name" : [ [ "CPCG-0482" ] ],
        "geo_library_source_template_type" : [ [ "WG" ] ],
        "geo_organism" : [ [ "Homo sapiens" ] ],
        "geo_prep_kit" : [ [ "KAPA OnBead " ] ],
        "geo_purpose" : [ [ "Library", "Stock" ] ],
        "geo_receive_date" : [ [ "2014-11-13" ] ],
        "geo_run_id_and_position_and_slot" : [ [ "2202_6_1", "2203_5_2", "2209_5_2" ] ],
        "geo_str_result" : [ [ "Pass" ] ],
        "geo_template_id" : [ [ "69233", "69239", "69251", "69325", "69328" ] ],
        "geo_template_type" : [ [ "Identity", "Illumina PE Library", "Illumina PE Library Seq", "gDNA" ] ],
        "geo_tissue_origin" : [ [ "Pr" ] ],
        "geo_tissue_preparation" : [ [ "Fresh Frozen" ] ],
        "geo_tissue_type" : [ [ "P" ] ]
      },
      "sequencerRunName" : [ "141203_SN804_0218_AC5PCLACXX" ],
      "sequencerRunAttributes" : {
        "geo_instrument_run_id" : [ [ "2202" ] ]
      },
      "laneName" : [ "141203_SN804_0218_AC5PCLACXX_lane_6" ],
      "laneAttributes" : {
        "geo_lane" : [ [ "6" ] ]
      },
      "iusTag" : [ "NoIndex" ],
      "iusAttributes" : { },
      "workflowName" : [ "CASAVA" ],
      "processingAlgorithm" : [ "ProvisionFiles" ],
      "processingAttributes" : { },
      "fileMetaType" : [ "chemical/seq-na-fastq-gzip" ],
      "fileAttributes" : { },
      "fileId" : 1272476675
    }, {
      "studyTitle" : [ "CPC-GENE" ],
      "studyAttributes" : {
        "geo_lab_group_id" : [ [ "112" ] ]
      },
      "experimentName" : [ ],
      "experimentAttributes" : { },
      "sampleName" : [ "CPCG_0482_Pr_P_PE_665_WG" ],
      "sampleAttributes" : {
        "geo_external_name" : [ [ "CPCG-0482" ] ],
        "geo_library_source_template_type" : [ [ "WG" ] ],
        "geo_organism" : [ [ "Homo sapiens" ] ],
        "geo_prep_kit" : [ [ "KAPA OnBead " ] ],
        "geo_purpose" : [ [ "Library", "Stock" ] ],
        "geo_receive_date" : [ [ "2014-11-13" ] ],
        "geo_run_id_and_position_and_slot" : [ [ "2202_6_1", "2203_5_2", "2209_5_2" ] ],
        "geo_str_result" : [ [ "Pass" ] ],
        "geo_template_id" : [ [ "69233", "69239", "69251", "69325", "69328" ] ],
        "geo_template_type" : [ [ "Identity", "Illumina PE Library", "Illumina PE Library Seq", "gDNA" ] ],
        "geo_tissue_origin" : [ [ "Pr" ] ],
        "geo_tissue_preparation" : [ [ "Fresh Frozen" ] ],
        "geo_tissue_type" : [ [ "P" ] ]
      },
      "sequencerRunName" : [ "141203_SN804_0218_AC5PCLACXX" ],
      "sequencerRunAttributes" : {
        "geo_instrument_run_id" : [ [ "2202" ] ]
      },
      "laneName" : [ "141203_SN804_0218_AC5PCLACXX_lane_6" ],
      "laneAttributes" : {
        "geo_lane" : [ [ "6" ] ]
      },
      "iusTag" : [ "NoIndex" ],
      "iusAttributes" : { },
      "workflowName" : [ "CASAVA" ],
      "processingAlgorithm" : [ "ProvisionFiles" ],
      "processingAttributes" : { },
      "fileMetaType" : [ "chemical/seq-na-fastq-gzip" ],
      "fileAttributes" : { },
      "fileId" : 1778035300
    } ],
    "outputFileProvenanceRecords" : 1
  }, {
    "workflowIni" : {
      "barcode" : "NoIndex",
      "bundled_jre" : "${workflow_bundle_dir}/Workflow_Bundle_bwa/1.4/bin/jre1.8.0_45/bin/java",
      "bundled_seqware" : "seqware-distribution-2.0.5-full.jar",
      "bwa" : "${workflow_bundle_dir}/Workflow_Bundle_bwa/1.4/bin/bwa-0.6.2/bwa",
      "bwa_aln_mem_mb" : "16384",
      "bwa_sampe_mem_mb" : "16000",
      "cutadapt" : "/oicr/local/analysis/sw/cutadapt/cutadapt-1.3/bin/cutadapt",
      "cutadapt_r1_other_params" : "",
      "cutadapt_r2_other_params" : "",
      "do_trim" : "false",
      "group_id" : "",
      "input_file_1" : "/oicr/data/archive/seqware/seqware_analysis_8/hsqwprod/results/CASAVA_2.6/54299697/SWID_1321450_CPCG_0482_Pr_P_PE_714_WG_NoGroup_141203_SN804_0218_AC5PCLACXX_NoIndex_L005_R1_001.fastq.gz",
      "input_file_2" : "/oicr/data/archive/seqware/seqware_analysis_8/hsqwprod/results/CASAVA_2.6/54299697/SWID_1321450_CPCG_0482_Pr_P_PE_714_WG_NoGroup_141203_SN804_0218_AC5PCLACXX_NoIndex_L005_R2_001.fastq.gz",
      "input_reference" : "${workflow_bundle_dir}/Workflow_Bundle_bwa/1.4/data/reference/bwa-0.6.2/hg19_random.fa",
      "ius_accession" : "6142182",
      "lane" : "5",
      "manual_output" : "false",
      "metadata" : "metadata",
      "numOfThreads" : "8",
      "outputFileName" : "",
      "output_dir" : "seqware-results",
      "picard_addreadgroups" : "${workflow_bundle_dir}/Workflow_Bundle_bwa/1.4/bin/picard-tools-1.89/AddOrReplaceReadGroups.jar",
      "python" : "/oicr/local/sw/Python-2.7.2/bin/python2.7",
      "r1_adapter_trim" : "AGATCGGAAGAGCACACGTCTGAACTCCAGTCAC",
      "r2_adapter_trim" : "AGATCGGAAGAGCGTCGTGTAGGGAAAGAGTGT",
      "rg_library" : "CPCG_0482_Pr_P_PE_714_WG",
      "rg_platform" : "illumina",
      "rg_platform_unit" : "141203_SN804_0218_AC5PCLACXX-NoIndex_5",
      "rg_sample_name" : "CPCG_0482_Pr_P",
      "sequencer_run_name" : "141203_SN804_0218_AC5PCLACXX",
      "trim_mem_mb" : "16384",
      "trim_min_length" : "0",
      "trim_min_quality" : "0"
    },
    "files" : [ {
      "studyTitle" : [ "CPC-GENE" ],
      "studyAttributes" : {
        "geo_lab_group_id" : [ [ "112" ] ]
      },
      "experimentName" : [ ],
      "experimentAttributes" : { },
      "sampleName" : [ "CPCG_0482_Pr_P_PE_714_WG" ],
      "sampleAttributes" : {
        "geo_external_name" : [ [ "CPCG-0482" ] ],
        "geo_library_source_template_type" : [ [ "WG" ] ],
        "geo_organism" : [ [ "Homo sapiens" ] ],
        "geo_prep_kit" : [ [ "KAPA OnBead " ] ],
        "geo_purpose" : [ [ "Library", "Stock" ] ],
        "geo_receive_date" : [ [ "2014-11-13" ] ],
        "geo_run_id_and_position_and_slot" : [ [ "2202_5_1", "2203_4_2" ] ],
        "geo_str_result" : [ [ "Pass" ] ],
        "geo_template_id" : [ [ "69233", "69239", "69251", "69324", "69327" ] ],
        "geo_template_type" : [ [ "Identity", "Illumina PE Library", "Illumina PE Library Seq", "gDNA" ] ],
        "geo_tissue_origin" : [ [ "Pr" ] ],
        "geo_tissue_preparation" : [ [ "Fresh Frozen" ] ],
        "geo_tissue_type" : [ [ "P" ] ]
      },
      "sequencerRunName" : [ "141203_SN804_0218_AC5PCLACXX" ],
      "sequencerRunAttributes" : {
        "geo_instrument_run_id" : [ [ "2202" ] ]
      },
      "laneName" : [ "141203_SN804_0218_AC5PCLACXX_lane_5" ],
      "laneAttributes" : {
        "geo_lane" : [ [ "5" ] ]
      },
      "iusTag" : [ "NoIndex" ],
      "iusAttributes" : { },
      "workflowName" : [ "CASAVA" ],
      "processingAlgorithm" : [ "ProvisionFiles" ],
      "processingAttributes" : { },
      "fileMetaType" : [ "chemical/seq-na-fastq-gzip" ],
      "fileAttributes" : { },
      "fileId" : -1053471866
    }, {
      "studyTitle" : [ "CPC-GENE" ],
      "studyAttributes" : {
        "geo_lab_group_id" : [ [ "112" ] ]
      },
      "experimentName" : [ ],
      "experimentAttributes" : { },
      "sampleName" : [ "CPCG_0482_Pr_P_PE_714_WG" ],
      "sampleAttributes" : {
        "geo_external_name" : [ [ "CPCG-0482" ] ],
        "geo_library_source_template_type" : [ [ "WG" ] ],
        "geo_organism" : [ [ "Homo sapiens" ] ],
        "geo_prep_kit" : [ [ "KAPA OnBead " ] ],
        "geo_purpose" : [ [ "Library", "Stock" ] ],
        "geo_receive_date" : [ [ "2014-11-13" ] ],
        "geo_run_id_and_position_and_slot" : [ [ "2202_5_1", "2203_4_2" ] ],
        "geo_str_result" : [ [ "Pass" ] ],
        "geo_template_id" : [ [ "69233", "69239", "69251", "69324", "69327" ] ],
        "geo_template_type" : [ [ "Identity", "Illumina PE Library", "Illumina PE Library Seq", "gDNA" ] ],
        "geo_tissue_origin" : [ [ "Pr" ] ],
        "geo_tissue_preparation" : [ [ "Fresh Frozen" ] ],
        "geo_tissue_type" : [ [ "P" ] ]
      },
      "sequencerRunName" : [ "141203_SN804_0218_AC5PCLACXX" ],
      "sequencerRunAttributes" : {
        "geo_instrument_run_id" : [ [ "2202" ] ]
      },
      "laneName" : [ "141203_SN804_0218_AC5PCLACXX_lane_5" ],
      "laneAttributes" : {
        "geo_lane" : [ [ "5" ] ]
      },
      "iusTag" : [ "NoIndex" ],
      "iusAttributes" : { },
      "workflowName" : [ "CASAVA" ],
      "processingAlgorithm" : [ "ProvisionFiles" ],
      "processingAttributes" : { },
      "fileMetaType" : [ "chemical/seq-na-fastq-gzip" ],
      "fileAttributes" : { },
      "fileId" : -547913241
    } ],
    "outputFileProvenanceRecords" : 1
  }, {
    "workflowIni" : {
      "barcode" : "NoIndex",
      "bundled_jre" : "${workflow_bundle_dir}/Workflow_Bundle_bwa/1.4/bin/jre1.8.0_45/bin/java",
      "bundled_seqware" : "seqware-distribution-2.0.5-full.jar",
      "bwa" : "${workflow_bundle_dir}/Workflow_Bundle_bwa/1.4/bin/bwa-0.6.2/bwa",
      "bwa_aln_mem_mb" : "16384",
      "bwa_sampe_mem_mb" : "16000",
      "cutadapt" : "/oicr/local/analysis/sw/cutadapt/cutadapt-1.3/bin/cutadapt",
      "cutadapt_r1_other_params" : "",
      "cutadapt_r2_other_params" : "",
      "do_trim" : "false",
      "group_id" : "",
      "input_file_1" : "/oicr/data/archive/seqware/seqware_analysis_8/hsqwprod/results/CASAVA_2.6/54299697/SWID_1321444_CPCG_0483_Pr_P_PE_670_WG_NoGroup_141203_SN804_0218_AC5PCLACXX_NoIndex_L008_R1_001.fastq.gz",
      "input_file_2" : "/oicr/data/archive/seqware/seqware_analysis_8/hsqwprod/results/CASAVA_2.6/54299697/SWID_1321444_CPCG_0483_Pr_P_PE_670_WG_NoGroup_141203_SN804_0218_AC5PCLACXX_NoIndex_L008_R2_001.fastq.gz",
      "input_reference" : "${workflow_bundle_dir}/Workflow_Bundle_bwa/1.4/data/reference/bwa-0.6.2/hg19_random.fa",
      "ius_accession" : "6142202",
      "lane" : "8",
      "manual_output" : "false",
      "metadata" : "metadata",
      "numOfThreads" : "8",
      "outputFileName" : "",
      "output_dir" : "seqware-results",
      "picard_addreadgroups" : "${workflow_bundle_dir}/Workflow_Bundle_bwa/1.4/bin/picard-tools-1.89/AddOrReplaceReadGroups.jar",
      "python" : "/oicr/local/sw/Python-2.7.2/bin/python2.7",
      "r1_adapter_trim" : "AGATCGGAAGAGCACACGTCTGAACTCCAGTCAC",
      "r2_adapter_trim" : "AGATCGGAAGAGCGTCGTGTAGGGAAAGAGTGT",
      "rg_library" : "CPCG_0483_Pr_P_PE_670_WG",
      "rg_platform" : "illumina",
      "rg_platform_unit" : "141203_SN804_0218_AC5PCLACXX-NoIndex_8",
      "rg_sample_name" : "CPCG_0483_Pr_P",
      "sequencer_run_name" : "141203_SN804_0218_AC5PCLACXX",
      "trim_mem_mb" : "16384",
      "trim_min_length" : "0",
      "trim_min_quality" : "0"
    },
    "files" : [ {
      "studyTitle" : [ "CPC-GENE" ],
      "studyAttributes" : {
        "geo_lab_group_id" : [ [ "112" ] ]
      },
      "experimentName" : [ ],
      "experimentAttributes" : { },
      "sampleName" : [ "CPCG_0483_Pr_P_PE_670_WG" ],
      "sampleAttributes" : {
        "geo_external_name" : [ [ "CPCG-0483" ] ],
        "geo_library_source_template_type" : [ [ "WG" ] ],
        "geo_organism" : [ [ "Homo sapiens" ] ],
        "geo_prep_kit" : [ [ "KAPA OnBead " ] ],
        "geo_purpose" : [ [ "Library", "Stock" ] ],
        "geo_receive_date" : [ [ "2014-11-13" ] ],
        "geo_run_id_and_position_and_slot" : [ [ "2202_8_1", "2203_7_2" ] ],
        "geo_str_result" : [ [ "Pass" ] ],
        "geo_template_id" : [ [ "69234", "69240", "69252", "69330", "69333" ] ],
        "geo_template_type" : [ [ "Identity", "Illumina PE Library", "Illumina PE Library Seq", "gDNA" ] ],
        "geo_tissue_origin" : [ [ "Pr" ] ],
        "geo_tissue_preparation" : [ [ "Fresh Frozen" ] ],
        "geo_tissue_type" : [ [ "P" ] ]
      },
      "sequencerRunName" : [ "141203_SN804_0218_AC5PCLACXX" ],
      "sequencerRunAttributes" : {
        "geo_instrument_run_id" : [ [ "2202" ] ]
      },
      "laneName" : [ "141203_SN804_0218_AC5PCLACXX_lane_8" ],
      "laneAttributes" : {
        "geo_lane" : [ [ "8" ] ]
      },
      "iusTag" : [ "NoIndex" ],
      "iusAttributes" : { },
      "workflowName" : [ "CASAVA" ],
      "processingAlgorithm" : [ "ProvisionFiles" ],
      "processingAttributes" : { },
      "fileMetaType" : [ "chemical/seq-na-fastq-gzip" ],
      "fileAttributes" : { },
      "fileId" : -435344178
    }, {
      "studyTitle" : [ "CPC-GENE" ],
      "studyAttributes" : {
        "geo_lab_group_id" : [ [ "112" ] ]
      },
      "experimentName" : [ ],
      "experimentAttributes" : { },
      "sampleName" : [ "CPCG_0483_Pr_P_PE_670_WG" ],
      "sampleAttributes" : {
        "geo_external_name" : [ [ "CPCG-0483" ] ],
        "geo_library_source_template_type" : [ [ "WG" ] ],
        "geo_organism" : [ [ "Homo sapiens" ] ],
        "geo_prep_kit" : [ [ "KAPA OnBead " ] ],
        "geo_purpose" : [ [ "Library", "Stock" ] ],
        "geo_receive_date" : [ [ "2014-11-13" ] ],
        "geo_run_id_and_position_and_slot" : [ [ "2202_8_1", "2203_7_2" ] ],
        "geo_str_result" : [ [ "Pass" ] ],
        "geo_template_id" : [ [ "69234", "69240", "69252", "69330", "69333" ] ],
        "geo_template_type" : [ [ "Identity", "Illumina PE Library", "Illumina PE Library Seq", "gDNA" ] ],
        "geo_tissue_origin" : [ [ "Pr" ] ],
        "geo_tissue_preparation" : [ [ "Fresh Frozen" ] ],
        "geo_tissue_type" : [ [ "P" ] ]
      },
      "sequencerRunName" : [ "141203_SN804_0218_AC5PCLACXX" ],
      "sequencerRunAttributes" : {
        "geo_instrument_run_id" : [ [ "2202" ] ]
      },
      "laneName" : [ "141203_SN804_0218_AC5PCLACXX_lane_8" ],
      "laneAttributes" : {
        "geo_lane" : [ [ "8" ] ]
      },
      "iusTag" : [ "NoIndex" ],
      "iusAttributes" : { },
      "workflowName" : [ "CASAVA" ],
      "processingAlgorithm" : [ "ProvisionFiles" ],
      "processingAttributes" : { },
      "fileMetaType" : [ "chemical/seq-na-fastq-gzip" ],
      "fileAttributes" : { },
      "fileId" : 70214447
    } ],
    "outputFileProvenanceRecords" : 1
  } ]
}